Archive member included to satisfy reference by file (symbol)

/home/isugyun/edk2/Build/MikanLoaderX64/DEBUG_CLANG38/X64/MikanLoaderPkg/Loader/OUTPUT/Loader.lib(Main.obj)
                              (--whole-archive)
/home/isugyun/edk2/Build/MikanLoaderX64/DEBUG_CLANG38/X64/MikanLoaderPkg/Loader/OUTPUT/Loader.lib(AutoGen.obj)
                              (--whole-archive)
/home/isugyun/edk2/Build/MikanLoaderX64/DEBUG_CLANG38/X64/MdePkg/Library/BaseMemoryLib/BaseMemoryLib/OUTPUT/BaseMemoryLib.lib(SetMem.obj)
                              (--whole-archive)
/home/isugyun/edk2/Build/MikanLoaderX64/DEBUG_CLANG38/X64/MdePkg/Library/BaseMemoryLib/BaseMemoryLib/OUTPUT/BaseMemoryLib.lib(ScanMem64Wrapper.obj)
                              (--whole-archive)
/home/isugyun/edk2/Build/MikanLoaderX64/DEBUG_CLANG38/X64/MdePkg/Library/BaseMemoryLib/BaseMemoryLib/OUTPUT/BaseMemoryLib.lib(ScanMem32Wrapper.obj)
                              (--whole-archive)
/home/isugyun/edk2/Build/MikanLoaderX64/DEBUG_CLANG38/X64/MdePkg/Library/BaseMemoryLib/BaseMemoryLib/OUTPUT/BaseMemoryLib.lib(ScanMem16Wrapper.obj)
                              (--whole-archive)
/home/isugyun/edk2/Build/MikanLoaderX64/DEBUG_CLANG38/X64/MdePkg/Library/BaseMemoryLib/BaseMemoryLib/OUTPUT/BaseMemoryLib.lib(ScanMem8Wrapper.obj)
                              (--whole-archive)
/home/isugyun/edk2/Build/MikanLoaderX64/DEBUG_CLANG38/X64/MdePkg/Library/BaseMemoryLib/BaseMemoryLib/OUTPUT/BaseMemoryLib.lib(ZeroMemWrapper.obj)
                              (--whole-archive)
/home/isugyun/edk2/Build/MikanLoaderX64/DEBUG_CLANG38/X64/MdePkg/Library/BaseMemoryLib/BaseMemoryLib/OUTPUT/BaseMemoryLib.lib(CompareMemWrapper.obj)
                              (--whole-archive)
/home/isugyun/edk2/Build/MikanLoaderX64/DEBUG_CLANG38/X64/MdePkg/Library/BaseMemoryLib/BaseMemoryLib/OUTPUT/BaseMemoryLib.lib(SetMem64Wrapper.obj)
                              (--whole-archive)
/home/isugyun/edk2/Build/MikanLoaderX64/DEBUG_CLANG38/X64/MdePkg/Library/BaseMemoryLib/BaseMemoryLib/OUTPUT/BaseMemoryLib.lib(SetMem32Wrapper.obj)
                              (--whole-archive)
/home/isugyun/edk2/Build/MikanLoaderX64/DEBUG_CLANG38/X64/MdePkg/Library/BaseMemoryLib/BaseMemoryLib/OUTPUT/BaseMemoryLib.lib(SetMem16Wrapper.obj)
                              (--whole-archive)
/home/isugyun/edk2/Build/MikanLoaderX64/DEBUG_CLANG38/X64/MdePkg/Library/BaseMemoryLib/BaseMemoryLib/OUTPUT/BaseMemoryLib.lib(SetMemWrapper.obj)
                              (--whole-archive)
/home/isugyun/edk2/Build/MikanLoaderX64/DEBUG_CLANG38/X64/MdePkg/Library/BaseMemoryLib/BaseMemoryLib/OUTPUT/BaseMemoryLib.lib(CopyMemWrapper.obj)
                              (--whole-archive)
/home/isugyun/edk2/Build/MikanLoaderX64/DEBUG_CLANG38/X64/MdePkg/Library/BaseMemoryLib/BaseMemoryLib/OUTPUT/BaseMemoryLib.lib(IsZeroBufferWrapper.obj)
                              (--whole-archive)
/home/isugyun/edk2/Build/MikanLoaderX64/DEBUG_CLANG38/X64/MdePkg/Library/BaseMemoryLib/BaseMemoryLib/OUTPUT/BaseMemoryLib.lib(MemLibGeneric.obj)
                              (--whole-archive)
/home/isugyun/edk2/Build/MikanLoaderX64/DEBUG_CLANG38/X64/MdePkg/Library/BaseMemoryLib/BaseMemoryLib/OUTPUT/BaseMemoryLib.lib(MemLibGuid.obj)
                              (--whole-archive)
/home/isugyun/edk2/Build/MikanLoaderX64/DEBUG_CLANG38/X64/MdePkg/Library/BaseMemoryLib/BaseMemoryLib/OUTPUT/BaseMemoryLib.lib(CopyMem.obj)
                              (--whole-archive)
/home/isugyun/edk2/Build/MikanLoaderX64/DEBUG_CLANG38/X64/MdePkg/Library/BasePcdLibNull/BasePcdLibNull/OUTPUT/BasePcdLibNull.lib(PcdLib.obj)
                              (--whole-archive)
/home/isugyun/edk2/Build/MikanLoaderX64/DEBUG_CLANG38/X64/MdePkg/Library/BaseLib/BaseLib/OUTPUT/BaseLib.lib(CheckSum.obj)
                              (--whole-archive)
/home/isugyun/edk2/Build/MikanLoaderX64/DEBUG_CLANG38/X64/MdePkg/Library/BaseLib/BaseLib/OUTPUT/BaseLib.lib(SwitchStack.obj)
                              (--whole-archive)
/home/isugyun/edk2/Build/MikanLoaderX64/DEBUG_CLANG38/X64/MdePkg/Library/BaseLib/BaseLib/OUTPUT/BaseLib.lib(SwapBytes64.obj)
                              (--whole-archive)
/home/isugyun/edk2/Build/MikanLoaderX64/DEBUG_CLANG38/X64/MdePkg/Library/BaseLib/BaseLib/OUTPUT/BaseLib.lib(SwapBytes32.obj)
                              (--whole-archive)
/home/isugyun/edk2/Build/MikanLoaderX64/DEBUG_CLANG38/X64/MdePkg/Library/BaseLib/BaseLib/OUTPUT/BaseLib.lib(SwapBytes16.obj)
                              (--whole-archive)
/home/isugyun/edk2/Build/MikanLoaderX64/DEBUG_CLANG38/X64/MdePkg/Library/BaseLib/BaseLib/OUTPUT/BaseLib.lib(LongJump.obj)
                              (--whole-archive)
/home/isugyun/edk2/Build/MikanLoaderX64/DEBUG_CLANG38/X64/MdePkg/Library/BaseLib/BaseLib/OUTPUT/BaseLib.lib(SetJump.obj)
                              (--whole-archive)
/home/isugyun/edk2/Build/MikanLoaderX64/DEBUG_CLANG38/X64/MdePkg/Library/BaseLib/BaseLib/OUTPUT/BaseLib.lib(RShiftU64.obj)
                              (--whole-archive)
/home/isugyun/edk2/Build/MikanLoaderX64/DEBUG_CLANG38/X64/MdePkg/Library/BaseLib/BaseLib/OUTPUT/BaseLib.lib(RRotU64.obj)
                              (--whole-archive)
/home/isugyun/edk2/Build/MikanLoaderX64/DEBUG_CLANG38/X64/MdePkg/Library/BaseLib/BaseLib/OUTPUT/BaseLib.lib(RRotU32.obj)
                              (--whole-archive)
/home/isugyun/edk2/Build/MikanLoaderX64/DEBUG_CLANG38/X64/MdePkg/Library/BaseLib/BaseLib/OUTPUT/BaseLib.lib(MultU64x64.obj)
                              (--whole-archive)
/home/isugyun/edk2/Build/MikanLoaderX64/DEBUG_CLANG38/X64/MdePkg/Library/BaseLib/BaseLib/OUTPUT/BaseLib.lib(MultU64x32.obj)
                              (--whole-archive)
/home/isugyun/edk2/Build/MikanLoaderX64/DEBUG_CLANG38/X64/MdePkg/Library/BaseLib/BaseLib/OUTPUT/BaseLib.lib(MultS64x64.obj)
                              (--whole-archive)
/home/isugyun/edk2/Build/MikanLoaderX64/DEBUG_CLANG38/X64/MdePkg/Library/BaseLib/BaseLib/OUTPUT/BaseLib.lib(ModU64x32.obj)
                              (--whole-archive)
/home/isugyun/edk2/Build/MikanLoaderX64/DEBUG_CLANG38/X64/MdePkg/Library/BaseLib/BaseLib/OUTPUT/BaseLib.lib(LShiftU64.obj)
                              (--whole-archive)
/home/isugyun/edk2/Build/MikanLoaderX64/DEBUG_CLANG38/X64/MdePkg/Library/BaseLib/BaseLib/OUTPUT/BaseLib.lib(LRotU64.obj)
                              (--whole-archive)
/home/isugyun/edk2/Build/MikanLoaderX64/DEBUG_CLANG38/X64/MdePkg/Library/BaseLib/BaseLib/OUTPUT/BaseLib.lib(LRotU32.obj)
                              (--whole-archive)
/home/isugyun/edk2/Build/MikanLoaderX64/DEBUG_CLANG38/X64/MdePkg/Library/BaseLib/BaseLib/OUTPUT/BaseLib.lib(LowBitSet64.obj)
                              (--whole-archive)
/home/isugyun/edk2/Build/MikanLoaderX64/DEBUG_CLANG38/X64/MdePkg/Library/BaseLib/BaseLib/OUTPUT/BaseLib.lib(LowBitSet32.obj)
                              (--whole-archive)
/home/isugyun/edk2/Build/MikanLoaderX64/DEBUG_CLANG38/X64/MdePkg/Library/BaseLib/BaseLib/OUTPUT/BaseLib.lib(HighBitSet64.obj)
                              (--whole-archive)
/home/isugyun/edk2/Build/MikanLoaderX64/DEBUG_CLANG38/X64/MdePkg/Library/BaseLib/BaseLib/OUTPUT/BaseLib.lib(HighBitSet32.obj)
                              (--whole-archive)
/home/isugyun/edk2/Build/MikanLoaderX64/DEBUG_CLANG38/X64/MdePkg/Library/BaseLib/BaseLib/OUTPUT/BaseLib.lib(GetPowerOfTwo64.obj)
                              (--whole-archive)
/home/isugyun/edk2/Build/MikanLoaderX64/DEBUG_CLANG38/X64/MdePkg/Library/BaseLib/BaseLib/OUTPUT/BaseLib.lib(GetPowerOfTwo32.obj)
                              (--whole-archive)
/home/isugyun/edk2/Build/MikanLoaderX64/DEBUG_CLANG38/X64/MdePkg/Library/BaseLib/BaseLib/OUTPUT/BaseLib.lib(DivU64x64Remainder.obj)
                              (--whole-archive)
/home/isugyun/edk2/Build/MikanLoaderX64/DEBUG_CLANG38/X64/MdePkg/Library/BaseLib/BaseLib/OUTPUT/BaseLib.lib(DivU64x32Remainder.obj)
                              (--whole-archive)
/home/isugyun/edk2/Build/MikanLoaderX64/DEBUG_CLANG38/X64/MdePkg/Library/BaseLib/BaseLib/OUTPUT/BaseLib.lib(DivU64x32.obj)
                              (--whole-archive)
/home/isugyun/edk2/Build/MikanLoaderX64/DEBUG_CLANG38/X64/MdePkg/Library/BaseLib/BaseLib/OUTPUT/BaseLib.lib(DivS64x64Remainder.obj)
                              (--whole-archive)
/home/isugyun/edk2/Build/MikanLoaderX64/DEBUG_CLANG38/X64/MdePkg/Library/BaseLib/BaseLib/OUTPUT/BaseLib.lib(ARShiftU64.obj)
                              (--whole-archive)
/home/isugyun/edk2/Build/MikanLoaderX64/DEBUG_CLANG38/X64/MdePkg/Library/BaseLib/BaseLib/OUTPUT/BaseLib.lib(BitField.obj)
                              (--whole-archive)
/home/isugyun/edk2/Build/MikanLoaderX64/DEBUG_CLANG38/X64/MdePkg/Library/BaseLib/BaseLib/OUTPUT/BaseLib.lib(CpuDeadLoop.obj)
                              (--whole-archive)
/home/isugyun/edk2/Build/MikanLoaderX64/DEBUG_CLANG38/X64/MdePkg/Library/BaseLib/BaseLib/OUTPUT/BaseLib.lib(Cpu.obj)
                              (--whole-archive)
/home/isugyun/edk2/Build/MikanLoaderX64/DEBUG_CLANG38/X64/MdePkg/Library/BaseLib/BaseLib/OUTPUT/BaseLib.lib(LinkedList.obj)
                              (--whole-archive)
/home/isugyun/edk2/Build/MikanLoaderX64/DEBUG_CLANG38/X64/MdePkg/Library/BaseLib/BaseLib/OUTPUT/BaseLib.lib(SafeString.obj)
                              (--whole-archive)
/home/isugyun/edk2/Build/MikanLoaderX64/DEBUG_CLANG38/X64/MdePkg/Library/BaseLib/BaseLib/OUTPUT/BaseLib.lib(String.obj)
                              (--whole-archive)
/home/isugyun/edk2/Build/MikanLoaderX64/DEBUG_CLANG38/X64/MdePkg/Library/BaseLib/BaseLib/OUTPUT/BaseLib.lib(FilePaths.obj)
                              (--whole-archive)
/home/isugyun/edk2/Build/MikanLoaderX64/DEBUG_CLANG38/X64/MdePkg/Library/BaseLib/BaseLib/OUTPUT/BaseLib.lib(Thunk16.obj)
                              (--whole-archive)
/home/isugyun/edk2/Build/MikanLoaderX64/DEBUG_CLANG38/X64/MdePkg/Library/BaseLib/BaseLib/OUTPUT/BaseLib.lib(CpuIdEx.obj)
                              (--whole-archive)
/home/isugyun/edk2/Build/MikanLoaderX64/DEBUG_CLANG38/X64/MdePkg/Library/BaseLib/BaseLib/OUTPUT/BaseLib.lib(CpuId.obj)
                              (--whole-archive)
/home/isugyun/edk2/Build/MikanLoaderX64/DEBUG_CLANG38/X64/MdePkg/Library/BaseLib/BaseLib/OUTPUT/BaseLib.lib(LongJump.obj)
                              (--whole-archive)
/home/isugyun/edk2/Build/MikanLoaderX64/DEBUG_CLANG38/X64/MdePkg/Library/BaseLib/BaseLib/OUTPUT/BaseLib.lib(SetJump.obj)
                              (--whole-archive)
/home/isugyun/edk2/Build/MikanLoaderX64/DEBUG_CLANG38/X64/MdePkg/Library/BaseLib/BaseLib/OUTPUT/BaseLib.lib(SwitchStack.obj)
                              (--whole-archive)
/home/isugyun/edk2/Build/MikanLoaderX64/DEBUG_CLANG38/X64/MdePkg/Library/BaseLib/BaseLib/OUTPUT/BaseLib.lib(EnableCache.obj)
                              (--whole-archive)
/home/isugyun/edk2/Build/MikanLoaderX64/DEBUG_CLANG38/X64/MdePkg/Library/BaseLib/BaseLib/OUTPUT/BaseLib.lib(DisableCache.obj)
                              (--whole-archive)
/home/isugyun/edk2/Build/MikanLoaderX64/DEBUG_CLANG38/X64/MdePkg/Library/BaseLib/BaseLib/OUTPUT/BaseLib.lib(WriteTr.obj)
                              (--whole-archive)
/home/isugyun/edk2/Build/MikanLoaderX64/DEBUG_CLANG38/X64/MdePkg/Library/BaseLib/BaseLib/OUTPUT/BaseLib.lib(Lfence.obj)
                              (--whole-archive)
/home/isugyun/edk2/Build/MikanLoaderX64/DEBUG_CLANG38/X64/MdePkg/Library/BaseLib/BaseLib/OUTPUT/BaseLib.lib(Non-existing.obj)
                              (--whole-archive)
/home/isugyun/edk2/Build/MikanLoaderX64/DEBUG_CLANG38/X64/MdePkg/Library/BaseLib/BaseLib/OUTPUT/BaseLib.lib(Math64.obj)
                              (--whole-archive)
/home/isugyun/edk2/Build/MikanLoaderX64/DEBUG_CLANG38/X64/MdePkg/Library/BaseLib/BaseLib/OUTPUT/BaseLib.lib(Unaligned.obj)
                              (--whole-archive)
/home/isugyun/edk2/Build/MikanLoaderX64/DEBUG_CLANG38/X64/MdePkg/Library/BaseLib/BaseLib/OUTPUT/BaseLib.lib(X86WriteIdtr.obj)
                              (--whole-archive)
/home/isugyun/edk2/Build/MikanLoaderX64/DEBUG_CLANG38/X64/MdePkg/Library/BaseLib/BaseLib/OUTPUT/BaseLib.lib(X86WriteGdtr.obj)
                              (--whole-archive)
/home/isugyun/edk2/Build/MikanLoaderX64/DEBUG_CLANG38/X64/MdePkg/Library/BaseLib/BaseLib/OUTPUT/BaseLib.lib(X86Thunk.obj)
                              (--whole-archive)
/home/isugyun/edk2/Build/MikanLoaderX64/DEBUG_CLANG38/X64/MdePkg/Library/BaseLib/BaseLib/OUTPUT/BaseLib.lib(X86ReadIdtr.obj)
                              (--whole-archive)
/home/isugyun/edk2/Build/MikanLoaderX64/DEBUG_CLANG38/X64/MdePkg/Library/BaseLib/BaseLib/OUTPUT/BaseLib.lib(X86ReadGdtr.obj)
                              (--whole-archive)
/home/isugyun/edk2/Build/MikanLoaderX64/DEBUG_CLANG38/X64/MdePkg/Library/BaseLib/BaseLib/OUTPUT/BaseLib.lib(X86Msr.obj)
                              (--whole-archive)
/home/isugyun/edk2/Build/MikanLoaderX64/DEBUG_CLANG38/X64/MdePkg/Library/BaseLib/BaseLib/OUTPUT/BaseLib.lib(X86GetInterruptState.obj)
                              (--whole-archive)
/home/isugyun/edk2/Build/MikanLoaderX64/DEBUG_CLANG38/X64/MdePkg/Library/BaseLib/BaseLib/OUTPUT/BaseLib.lib(X86FxSave.obj)
                              (--whole-archive)
/home/isugyun/edk2/Build/MikanLoaderX64/DEBUG_CLANG38/X64/MdePkg/Library/BaseLib/BaseLib/OUTPUT/BaseLib.lib(X86FxRestore.obj)
                              (--whole-archive)
/home/isugyun/edk2/Build/MikanLoaderX64/DEBUG_CLANG38/X64/MdePkg/Library/BaseLib/BaseLib/OUTPUT/BaseLib.lib(X86EnablePaging64.obj)
                              (--whole-archive)
/home/isugyun/edk2/Build/MikanLoaderX64/DEBUG_CLANG38/X64/MdePkg/Library/BaseLib/BaseLib/OUTPUT/BaseLib.lib(X86EnablePaging32.obj)
                              (--whole-archive)
/home/isugyun/edk2/Build/MikanLoaderX64/DEBUG_CLANG38/X64/MdePkg/Library/BaseLib/BaseLib/OUTPUT/BaseLib.lib(X86DisablePaging64.obj)
                              (--whole-archive)
/home/isugyun/edk2/Build/MikanLoaderX64/DEBUG_CLANG38/X64/MdePkg/Library/BaseLib/BaseLib/OUTPUT/BaseLib.lib(X86DisablePaging32.obj)
                              (--whole-archive)
/home/isugyun/edk2/Build/MikanLoaderX64/DEBUG_CLANG38/X64/MdePkg/Library/BaseLib/BaseLib/OUTPUT/BaseLib.lib(X86RdRand.obj)
                              (--whole-archive)
/home/isugyun/edk2/Build/MikanLoaderX64/DEBUG_CLANG38/X64/MdePkg/Library/BaseLib/BaseLib/OUTPUT/BaseLib.lib(X86PatchInstruction.obj)
                              (--whole-archive)
/home/isugyun/edk2/Build/MikanLoaderX64/DEBUG_CLANG38/X64/MdePkg/Library/BaseLib/BaseLib/OUTPUT/BaseLib.lib(X86SpeculationBarrier.obj)
                              (--whole-archive)
/home/isugyun/edk2/Build/MikanLoaderX64/DEBUG_CLANG38/X64/MdePkg/Library/BaseLib/BaseLib/OUTPUT/BaseLib.lib(GccInline.obj)
                              (--whole-archive)
/home/isugyun/edk2/Build/MikanLoaderX64/DEBUG_CLANG38/X64/MdePkg/Library/BaseLib/BaseLib/OUTPUT/BaseLib.lib(GccInlinePriv.obj)
                              (--whole-archive)
/home/isugyun/edk2/Build/MikanLoaderX64/DEBUG_CLANG38/X64/MdePkg/Library/BaseLib/BaseLib/OUTPUT/BaseLib.lib(EnableDisableInterrupts.obj)
                              (--whole-archive)
/home/isugyun/edk2/Build/MikanLoaderX64/DEBUG_CLANG38/X64/MdePkg/Library/BaseLib/BaseLib/OUTPUT/BaseLib.lib(DisablePaging64.obj)
                              (--whole-archive)
/home/isugyun/edk2/Build/MikanLoaderX64/DEBUG_CLANG38/X64/MdePkg/Library/BaseLib/BaseLib/OUTPUT/BaseLib.lib(RdRand.obj)
                              (--whole-archive)
/home/isugyun/edk2/Build/MikanLoaderX64/DEBUG_CLANG38/X64/MdePkg/Library/BaseLib/BaseLib/OUTPUT/BaseLib.lib(XGetBv.obj)
                              (--whole-archive)
/home/isugyun/edk2/Build/MikanLoaderX64/DEBUG_CLANG38/X64/MdePkg/Library/BaseLib/BaseLib/OUTPUT/BaseLib.lib(VmgExit.obj)
                              (--whole-archive)
/home/isugyun/edk2/Build/MikanLoaderX64/DEBUG_CLANG38/X64/MdePkg/Library/BaseLib/BaseLib/OUTPUT/BaseLib.lib(ChkStkGcc.obj)
                              (--whole-archive)
/home/isugyun/edk2/Build/MikanLoaderX64/DEBUG_CLANG38/X64/MdePkg/Library/BaseDebugLibNull/BaseDebugLibNull/OUTPUT/BaseDebugLibNull.lib(DebugLib.obj)
                              (--whole-archive)
/home/isugyun/edk2/Build/MikanLoaderX64/DEBUG_CLANG38/X64/MdePkg/Library/UefiBootServicesTableLib/UefiBootServicesTableLib/OUTPUT/UefiBootServicesTableLib.lib(UefiBootServicesTableLib.obj)
                              (--whole-archive)
/home/isugyun/edk2/Build/MikanLoaderX64/DEBUG_CLANG38/X64/MdePkg/Library/UefiMemoryAllocationLib/UefiMemoryAllocationLib/OUTPUT/UefiMemoryAllocationLib.lib(MemoryAllocationLib.obj)
                              (--whole-archive)
/home/isugyun/edk2/Build/MikanLoaderX64/DEBUG_CLANG38/X64/MdePkg/Library/BasePrintLib/BasePrintLib/OUTPUT/BasePrintLib.lib(PrintLibInternal.obj)
                              (--whole-archive)
/home/isugyun/edk2/Build/MikanLoaderX64/DEBUG_CLANG38/X64/MdePkg/Library/BasePrintLib/BasePrintLib/OUTPUT/BasePrintLib.lib(PrintLib.obj)
                              (--whole-archive)
/home/isugyun/edk2/Build/MikanLoaderX64/DEBUG_CLANG38/X64/MdePkg/Library/UefiRuntimeServicesTableLib/UefiRuntimeServicesTableLib/OUTPUT/UefiRuntimeServicesTableLib.lib(UefiRuntimeServicesTableLib.obj)
                              (--whole-archive)
/home/isugyun/edk2/Build/MikanLoaderX64/DEBUG_CLANG38/X64/MdePkg/Library/UefiDevicePathLib/UefiDevicePathLib/OUTPUT/UefiDevicePathLib.lib(DevicePathUtilities.obj)
                              (--whole-archive)
/home/isugyun/edk2/Build/MikanLoaderX64/DEBUG_CLANG38/X64/MdePkg/Library/UefiDevicePathLib/UefiDevicePathLib/OUTPUT/UefiDevicePathLib.lib(DevicePathUtilitiesDxeSmm.obj)
                              (--whole-archive)
/home/isugyun/edk2/Build/MikanLoaderX64/DEBUG_CLANG38/X64/MdePkg/Library/UefiDevicePathLib/UefiDevicePathLib/OUTPUT/UefiDevicePathLib.lib(DevicePathToText.obj)
                              (--whole-archive)
/home/isugyun/edk2/Build/MikanLoaderX64/DEBUG_CLANG38/X64/MdePkg/Library/UefiDevicePathLib/UefiDevicePathLib/OUTPUT/UefiDevicePathLib.lib(DevicePathFromText.obj)
                              (--whole-archive)
/home/isugyun/edk2/Build/MikanLoaderX64/DEBUG_CLANG38/X64/MdePkg/Library/UefiDevicePathLib/UefiDevicePathLib/OUTPUT/UefiDevicePathLib.lib(UefiDevicePathLib.obj)
                              (--whole-archive)
/home/isugyun/edk2/Build/MikanLoaderX64/DEBUG_CLANG38/X64/MdePkg/Library/UefiLib/UefiLib/OUTPUT/UefiLib.lib(UefiLibPrint.obj)
                              (--whole-archive)
/home/isugyun/edk2/Build/MikanLoaderX64/DEBUG_CLANG38/X64/MdePkg/Library/UefiLib/UefiLib/OUTPUT/UefiLib.lib(UefiNotTiano.obj)
                              (--whole-archive)
/home/isugyun/edk2/Build/MikanLoaderX64/DEBUG_CLANG38/X64/MdePkg/Library/UefiLib/UefiLib/OUTPUT/UefiLib.lib(UefiDriverModel.obj)
                              (--whole-archive)
/home/isugyun/edk2/Build/MikanLoaderX64/DEBUG_CLANG38/X64/MdePkg/Library/UefiLib/UefiLib/OUTPUT/UefiLib.lib(Console.obj)
                              (--whole-archive)
/home/isugyun/edk2/Build/MikanLoaderX64/DEBUG_CLANG38/X64/MdePkg/Library/UefiLib/UefiLib/OUTPUT/UefiLib.lib(UefiLib.obj)
                              (--whole-archive)
/home/isugyun/edk2/Build/MikanLoaderX64/DEBUG_CLANG38/X64/MdePkg/Library/UefiLib/UefiLib/OUTPUT/UefiLib.lib(Acpi.obj)
                              (--whole-archive)
/home/isugyun/edk2/Build/MikanLoaderX64/DEBUG_CLANG38/X64/MdePkg/Library/UefiApplicationEntryPoint/UefiApplicationEntryPoint/OUTPUT/UefiApplicationEntryPoint.lib(ApplicationEntryPoint.obj)
                              (--whole-archive)

Discarded input sections

 .text          0x0000000000000000        0x0 /tmp/lto-llvm-8f5f06.o
 .text.InternalAssertJumpBuffer
                0x0000000000000000        0x1 /tmp/lto-llvm-8f5f06.o
 .rodata._gPcd_FixedAtBuild_PcdControlFlowEnforcementPropertyMask
                0x0000000000000000        0x4 /tmp/lto-llvm-8f5f06.o
 .comment       0x0000000000000000     0x1723 /tmp/lto-llvm-8f5f06.o
 .note.GNU-stack
                0x0000000000000000        0x0 /tmp/lto-llvm-8f5f06.o
 .text          0x0000000000000000      0x204 /home/isugyun/edk2/Build/MikanLoaderX64/DEBUG_CLANG38/X64/MdePkg/Library/BaseLib/BaseLib/OUTPUT/BaseLib.lib(Thunk16.obj)
 .data          0x0000000000000000        0xa /home/isugyun/edk2/Build/MikanLoaderX64/DEBUG_CLANG38/X64/MdePkg/Library/BaseLib/BaseLib/OUTPUT/BaseLib.lib(Thunk16.obj)
 .text          0x0000000000000000       0x2f /home/isugyun/edk2/Build/MikanLoaderX64/DEBUG_CLANG38/X64/MdePkg/Library/BaseLib/BaseLib/OUTPUT/BaseLib.lib(CpuIdEx.obj)
 .text          0x0000000000000000       0x27 /home/isugyun/edk2/Build/MikanLoaderX64/DEBUG_CLANG38/X64/MdePkg/Library/BaseLib/BaseLib/OUTPUT/BaseLib.lib(CpuId.obj)
 .text          0x0000000000000000       0xac /home/isugyun/edk2/Build/MikanLoaderX64/DEBUG_CLANG38/X64/MdePkg/Library/BaseLib/BaseLib/OUTPUT/BaseLib.lib(LongJump.obj)
 .text          0x0000000000000000       0xc2 /home/isugyun/edk2/Build/MikanLoaderX64/DEBUG_CLANG38/X64/MdePkg/Library/BaseLib/BaseLib/OUTPUT/BaseLib.lib(SetJump.obj)
 .text          0x0000000000000000        0xf /home/isugyun/edk2/Build/MikanLoaderX64/DEBUG_CLANG38/X64/MdePkg/Library/BaseLib/BaseLib/OUTPUT/BaseLib.lib(SwitchStack.obj)
 .text          0x0000000000000000       0x13 /home/isugyun/edk2/Build/MikanLoaderX64/DEBUG_CLANG38/X64/MdePkg/Library/BaseLib/BaseLib/OUTPUT/BaseLib.lib(EnableCache.obj)
 .text          0x0000000000000000       0x13 /home/isugyun/edk2/Build/MikanLoaderX64/DEBUG_CLANG38/X64/MdePkg/Library/BaseLib/BaseLib/OUTPUT/BaseLib.lib(DisableCache.obj)
 .text          0x0000000000000000        0x6 /home/isugyun/edk2/Build/MikanLoaderX64/DEBUG_CLANG38/X64/MdePkg/Library/BaseLib/BaseLib/OUTPUT/BaseLib.lib(WriteTr.obj)
 .text          0x0000000000000000        0x4 /home/isugyun/edk2/Build/MikanLoaderX64/DEBUG_CLANG38/X64/MdePkg/Library/BaseLib/BaseLib/OUTPUT/BaseLib.lib(Lfence.obj)
 .text          0x0000000000000000        0x3 /home/isugyun/edk2/Build/MikanLoaderX64/DEBUG_CLANG38/X64/MdePkg/Library/BaseLib/BaseLib/OUTPUT/BaseLib.lib(EnableDisableInterrupts.obj)
 .text          0x0000000000000000       0x61 /home/isugyun/edk2/Build/MikanLoaderX64/DEBUG_CLANG38/X64/MdePkg/Library/BaseLib/BaseLib/OUTPUT/BaseLib.lib(DisablePaging64.obj)
 .text          0x0000000000000000       0x36 /home/isugyun/edk2/Build/MikanLoaderX64/DEBUG_CLANG38/X64/MdePkg/Library/BaseLib/BaseLib/OUTPUT/BaseLib.lib(RdRand.obj)
 .text          0x0000000000000000        0xb /home/isugyun/edk2/Build/MikanLoaderX64/DEBUG_CLANG38/X64/MdePkg/Library/BaseLib/BaseLib/OUTPUT/BaseLib.lib(XGetBv.obj)
 .text          0x0000000000000000        0x5 /home/isugyun/edk2/Build/MikanLoaderX64/DEBUG_CLANG38/X64/MdePkg/Library/BaseLib/BaseLib/OUTPUT/BaseLib.lib(VmgExit.obj)

Memory Configuration

Name             Origin             Length             Attributes
*default*        0x0000000000000000 0xffffffffffffffff

Linker script and memory map

LOAD /tmp/lto-llvm-8f5f06.o
START GROUP
LOAD /home/isugyun/edk2/Build/MikanLoaderX64/DEBUG_CLANG38/X64/MikanLoaderPkg/Loader/OUTPUT/Loader.lib
LOAD /home/isugyun/edk2/Build/MikanLoaderX64/DEBUG_CLANG38/X64/MdePkg/Library/BaseMemoryLib/BaseMemoryLib/OUTPUT/BaseMemoryLib.lib
LOAD /home/isugyun/edk2/Build/MikanLoaderX64/DEBUG_CLANG38/X64/MdePkg/Library/BasePcdLibNull/BasePcdLibNull/OUTPUT/BasePcdLibNull.lib
LOAD /home/isugyun/edk2/Build/MikanLoaderX64/DEBUG_CLANG38/X64/MdePkg/Library/BaseLib/BaseLib/OUTPUT/BaseLib.lib
LOAD /home/isugyun/edk2/Build/MikanLoaderX64/DEBUG_CLANG38/X64/MdePkg/Library/BaseDebugLibNull/BaseDebugLibNull/OUTPUT/BaseDebugLibNull.lib
LOAD /home/isugyun/edk2/Build/MikanLoaderX64/DEBUG_CLANG38/X64/MdePkg/Library/UefiBootServicesTableLib/UefiBootServicesTableLib/OUTPUT/UefiBootServicesTableLib.lib
LOAD /home/isugyun/edk2/Build/MikanLoaderX64/DEBUG_CLANG38/X64/MdePkg/Library/UefiMemoryAllocationLib/UefiMemoryAllocationLib/OUTPUT/UefiMemoryAllocationLib.lib
LOAD /home/isugyun/edk2/Build/MikanLoaderX64/DEBUG_CLANG38/X64/MdePkg/Library/BasePrintLib/BasePrintLib/OUTPUT/BasePrintLib.lib
LOAD /home/isugyun/edk2/Build/MikanLoaderX64/DEBUG_CLANG38/X64/MdePkg/Library/UefiRuntimeServicesTableLib/UefiRuntimeServicesTableLib/OUTPUT/UefiRuntimeServicesTableLib.lib
LOAD /home/isugyun/edk2/Build/MikanLoaderX64/DEBUG_CLANG38/X64/MdePkg/Library/UefiDevicePathLib/UefiDevicePathLib/OUTPUT/UefiDevicePathLib.lib
LOAD /home/isugyun/edk2/Build/MikanLoaderX64/DEBUG_CLANG38/X64/MdePkg/Library/UefiLib/UefiLib/OUTPUT/UefiLib.lib
LOAD /home/isugyun/edk2/Build/MikanLoaderX64/DEBUG_CLANG38/X64/MdePkg/Library/UefiApplicationEntryPoint/UefiApplicationEntryPoint/OUTPUT/UefiApplicationEntryPoint.lib
END GROUP
                0x0000000000000228                PECOFF_HEADER_SIZE = 0x228
                0x0000000000000228                . = PECOFF_HEADER_SIZE

.text           0x0000000000000240     0x1536
 *(.text .text.* .stub .gnu.linkonce.t.*)
 .text.UefiMain
                0x0000000000000240        0xb /tmp/lto-llvm-8f5f06.o
 .text.BasePrintLibSPrintMarker
                0x000000000000024b      0xf39 /tmp/lto-llvm-8f5f06.o
 .text.BasePrintLibSPrint
                0x0000000000001184       0x23 /tmp/lto-llvm-8f5f06.o
 .text.Print    0x00000000000011a7       0x9f /tmp/lto-llvm-8f5f06.o
 .text._ModuleEntryPoint
                0x0000000000001246       0x31 /tmp/lto-llvm-8f5f06.o
                0x0000000000001246                _ModuleEntryPoint
 *(.rodata .rodata.* .gnu.linkonce.r.*)
 *fill*         0x0000000000001277        0x1 
 .rodata.BasePrintLibSPrintMarker
                0x0000000000001278       0xec /tmp/lto-llvm-8f5f06.o
 .rodata.str2.2
                0x0000000000001364       0x2a /tmp/lto-llvm-8f5f06.o
 *fill*         0x000000000000138e        0x2 
 .rodata.cst16  0x0000000000001390       0x10 /tmp/lto-llvm-8f5f06.o
 .rodata.str1.1
                0x00000000000013a0       0x7b /tmp/lto-llvm-8f5f06.o
 *fill*         0x000000000000141b        0x5 
 .rodata.mErrorString
                0x0000000000001420      0x2b5 /tmp/lto-llvm-8f5f06.o
 *fill*         0x00000000000016d5        0xb 
 .rodata.mWarningString
                0x00000000000016e0       0x96 /tmp/lto-llvm-8f5f06.o
 *(.got .got.*)
 .got           0x0000000000001776        0x0 /home/isugyun/edk2/Build/MikanLoaderX64/DEBUG_CLANG38/X64/MdePkg/Library/BaseLib/BaseLib/OUTPUT/BaseLib.lib(Thunk16.obj)
 .got.plt       0x0000000000001776        0x0 /home/isugyun/edk2/Build/MikanLoaderX64/DEBUG_CLANG38/X64/MdePkg/Library/BaseLib/BaseLib/OUTPUT/BaseLib.lib(Thunk16.obj)
 *:AutoGen.obj(.data.g*Guid)

.plt            0x0000000000001780        0x0
 .plt           0x0000000000001780        0x0 /home/isugyun/edk2/Build/MikanLoaderX64/DEBUG_CLANG38/X64/MdePkg/Library/BaseLib/BaseLib/OUTPUT/BaseLib.lib(Thunk16.obj)

.plt.got        0x0000000000001778        0x0
 .plt.got       0x0000000000001778        0x0 /home/isugyun/edk2/Build/MikanLoaderX64/DEBUG_CLANG38/X64/MdePkg/Library/BaseLib/BaseLib/OUTPUT/BaseLib.lib(Thunk16.obj)

.data           0x0000000000001780       0x20
 *(.data .data.* .gnu.linkonce.d.*)
 .data.rel.ro   0x0000000000001780        0x0 /home/isugyun/edk2/Build/MikanLoaderX64/DEBUG_CLANG38/X64/MdePkg/Library/BaseLib/BaseLib/OUTPUT/BaseLib.lib(Thunk16.obj)
 *(.bss .bss.*)
 .bss.gImageHandle
                0x0000000000001780        0x8 /tmp/lto-llvm-8f5f06.o
 .bss.gST       0x0000000000001788        0x8 /tmp/lto-llvm-8f5f06.o
 .bss.gBS       0x0000000000001790        0x8 /tmp/lto-llvm-8f5f06.o
 .bss.gRT       0x0000000000001798        0x8 /tmp/lto-llvm-8f5f06.o

.eh_frame       0x00000000000017c0        0x0
 *(.eh_frame)
 .eh_frame      0x00000000000017c0        0x0 /home/isugyun/edk2/Build/MikanLoaderX64/DEBUG_CLANG38/X64/MdePkg/Library/BaseLib/BaseLib/OUTPUT/BaseLib.lib(Thunk16.obj)
 .eh_frame      0x00000000000017c0        0x0 /home/isugyun/edk2/Build/MikanLoaderX64/DEBUG_CLANG38/X64/MdePkg/Library/BaseLib/BaseLib/OUTPUT/BaseLib.lib(Thunk16.obj)

.dynbss         0x00000000000017c0        0x0
 .dynbss        0x00000000000017c0        0x0 /home/isugyun/edk2/Build/MikanLoaderX64/DEBUG_CLANG38/X64/MdePkg/Library/BaseLib/BaseLib/OUTPUT/BaseLib.lib(Thunk16.obj)

.gnu.version_d  0x00000000000017c0        0x0
 .gnu.version_d
                0x00000000000017c0        0x0 /home/isugyun/edk2/Build/MikanLoaderX64/DEBUG_CLANG38/X64/MdePkg/Library/BaseLib/BaseLib/OUTPUT/BaseLib.lib(Thunk16.obj)

.gnu.version    0x00000000000017c0        0x0
 .gnu.version   0x00000000000017c0        0x0 /home/isugyun/edk2/Build/MikanLoaderX64/DEBUG_CLANG38/X64/MdePkg/Library/BaseLib/BaseLib/OUTPUT/BaseLib.lib(Thunk16.obj)

.gnu.version_r  0x00000000000017c0        0x0
 .gnu.version_r
                0x00000000000017c0        0x0 /home/isugyun/edk2/Build/MikanLoaderX64/DEBUG_CLANG38/X64/MdePkg/Library/BaseLib/BaseLib/OUTPUT/BaseLib.lib(Thunk16.obj)

.rela           0x00000000000017c0        0x0
 *(.rela .rela.*)
 .rela.plt      0x00000000000017c0        0x0 /home/isugyun/edk2/Build/MikanLoaderX64/DEBUG_CLANG38/X64/MdePkg/Library/BaseLib/BaseLib/OUTPUT/BaseLib.lib(Thunk16.obj)
 .rela.got      0x00000000000017c0        0x0 /home/isugyun/edk2/Build/MikanLoaderX64/DEBUG_CLANG38/X64/MdePkg/Library/BaseLib/BaseLib/OUTPUT/BaseLib.lib(Thunk16.obj)
 .rela.bss      0x00000000000017c0        0x0 /home/isugyun/edk2/Build/MikanLoaderX64/DEBUG_CLANG38/X64/MdePkg/Library/BaseLib/BaseLib/OUTPUT/BaseLib.lib(Thunk16.obj)
 .rela.data.rel.ro
                0x00000000000017c0        0x0 /home/isugyun/edk2/Build/MikanLoaderX64/DEBUG_CLANG38/X64/MdePkg/Library/BaseLib/BaseLib/OUTPUT/BaseLib.lib(Thunk16.obj)
 .rela.ifunc    0x00000000000017c0        0x0 /home/isugyun/edk2/Build/MikanLoaderX64/DEBUG_CLANG38/X64/MdePkg/Library/BaseLib/BaseLib/OUTPUT/BaseLib.lib(Thunk16.obj)

.hii
 *(.hii)

.build-id
 *(.note.gnu.build-id)

/DISCARD/
 *(.note.GNU-stack)
 *(.gnu_debuglink)
 *(.interp)
 *(.dynsym)
 *(.dynstr)
 *(.dynamic)
 *(.hash .gnu.hash)
 *(.comment)
 *(COMMON)
OUTPUT(/home/isugyun/edk2/Build/MikanLoaderX64/DEBUG_CLANG38/X64/MikanLoaderPkg/Loader/DEBUG/Loader.dll elf64-x86-64)

.debug_str      0x0000000000000000     0x4516
 .debug_str     0x0000000000000000     0x4516 /tmp/lto-llvm-8f5f06.o
                                       0x47d3 (size before relaxing)

.debug_loc      0x0000000000000000     0x1f34
 .debug_loc     0x0000000000000000     0x1f34 /tmp/lto-llvm-8f5f06.o

.debug_abbrev   0x0000000000000000      0x4fe
 .debug_abbrev  0x0000000000000000      0x4fe /tmp/lto-llvm-8f5f06.o

.debug_info     0x0000000000000000     0x9f00
 .debug_info    0x0000000000000000     0x9f00 /tmp/lto-llvm-8f5f06.o

.debug_ranges   0x0000000000000000      0x240
 .debug_ranges  0x0000000000000000      0x240 /tmp/lto-llvm-8f5f06.o

.debug_macinfo  0x0000000000000000        0x1
 .debug_macinfo
                0x0000000000000000        0x1 /tmp/lto-llvm-8f5f06.o

.debug_pubnames
                0x0000000000000000      0xfda
 .debug_pubnames
                0x0000000000000000      0xfda /tmp/lto-llvm-8f5f06.o

.debug_pubtypes
                0x0000000000000000     0x43c8
 .debug_pubtypes
                0x0000000000000000     0x43c8 /tmp/lto-llvm-8f5f06.o

.debug_frame    0x0000000000000000      0x1d0
 .debug_frame   0x0000000000000000      0x1d0 /tmp/lto-llvm-8f5f06.o

.debug_line     0x0000000000000000     0x2e56
 .debug_line    0x0000000000000000     0x2e56 /tmp/lto-llvm-8f5f06.o
