/home/isugyun/edk2/Build/MikanLoaderX64/DEBUG_CLANG38/X64/MikanLoaderPkg/Loader/OUTPUT/Loader.lib
/home/isugyun/edk2/Build/MikanLoaderX64/DEBUG_CLANG38/X64/MdePkg/Library/BaseMemoryLib/BaseMemoryLib/OUTPUT/BaseMemoryLib.lib
/home/isugyun/edk2/Build/MikanLoaderX64/DEBUG_CLANG38/X64/MdePkg/Library/BasePcdLibNull/BasePcdLibNull/OUTPUT/BasePcdLibNull.lib
/home/isugyun/edk2/Build/MikanLoaderX64/DEBUG_CLANG38/X64/MdePkg/Library/BaseLib/BaseLib/OUTPUT/BaseLib.lib
/home/isugyun/edk2/Build/MikanLoaderX64/DEBUG_CLANG38/X64/MdePkg/Library/BaseDebugLibNull/BaseDebugLibNull/OUTPUT/BaseDebugLibNull.lib
/home/isugyun/edk2/Build/MikanLoaderX64/DEBUG_CLANG38/X64/MdePkg/Library/UefiBootServicesTableLib/UefiBootServicesTableLib/OUTPUT/UefiBootServicesTableLib.lib
/home/isugyun/edk2/Build/MikanLoaderX64/DEBUG_CLANG38/X64/MdePkg/Library/UefiMemoryAllocationLib/UefiMemoryAllocationLib/OUTPUT/UefiMemoryAllocationLib.lib
/home/isugyun/edk2/Build/MikanLoaderX64/DEBUG_CLANG38/X64/MdePkg/Library/BasePrintLib/BasePrintLib/OUTPUT/BasePrintLib.lib
/home/isugyun/edk2/Build/MikanLoaderX64/DEBUG_CLANG38/X64/MdePkg/Library/UefiRuntimeServicesTableLib/UefiRuntimeServicesTableLib/OUTPUT/UefiRuntimeServicesTableLib.lib
/home/isugyun/edk2/Build/MikanLoaderX64/DEBUG_CLANG38/X64/MdePkg/Library/UefiDevicePathLib/UefiDevicePathLib/OUTPUT/UefiDevicePathLib.lib
/home/isugyun/edk2/Build/MikanLoaderX64/DEBUG_CLANG38/X64/MdePkg/Library/UefiLib/UefiLib/OUTPUT/UefiLib.lib
/home/isugyun/edk2/Build/MikanLoaderX64/DEBUG_CLANG38/X64/MdePkg/Library/UefiApplicationEntryPoint/UefiApplicationEntryPoint/OUTPUT/UefiApplicationEntryPoint.lib